0:                   
0: 56                startTuples: nop
1: 12 120 13 121     .Tuple \ 12 x 13 y l \
6: 56                endTuples: nop
7: 0                 tupleSearchIndex: .integer #0
8: 0 0 0 0           tape: .allocate #100
108: 8 95 48 49      initialString: .string "_010101_"
117: 0               head: .integer #0
118: 0               state: .integer #0
119: 56              copyInitial: nop
120: 10 108 5            movar initialString r5 ;
123: 9 5 6               movxr r5 r6
126: 12 1 5              addir #1 r5
129: 10 8 7              movar tape r7
132: 11 5 7 6            movb r5 r7 r6
136: 40                  ret
137: 56              begin: nop
138: 39 119              jsr copyInitial
140: 56              runIteration: nop
141: 3 7                 clrm tupleSearchIndex
143: 56              searchTuples: nop
144: 8 117 1             movmr head r1 ; move character at head to r2
147: 9 1 2               movxr r1 r2
150: 8 7 3               movmr tupleSearchIndex r3 ; r3 stores the pointer to a specific value (nextState, direction, etc) in the tuple being searched
153: 20 5 3              mulir #5 r3
156: 10 0 4              movar startTuples r4
159: 13 4 3              addrr r4 r3
162: 9 3 4               movxr r3 r4 ; r4 stores said specific value
165: 35 118 4            cmpmr state r4 ; check whether tape matches
168: 57 219              jmpne skipTuple
170: 12 1 3              addir #1 r3
173: 9 3 4               movxr r3 r4
176: 34 4 2              cmprr r4 r2 ; checks whether tape character matches
179: 57 219              jmpne skipTuple
181: 12 1 3              addir #1 r3
184: 9 3 4               movxr r3 r4
187: 7 4 118             movrm r4 state ; set new state
190: 12 1 3              addir #1 r3
193: 9 3 4               movxr r3 r4
196: 8 117 5             movmr head r5 ; set new character
199: 53 4 5              movrx r4 r5 
202: 12 1 3              addir #1 r3
205: 9 3 4               movxr r3 r4
208: 8 117 1             movmr head r1 ; move head
211: 13 4 1              addrr r4 r1
214: 7 1 117             movrm r1 head
217: 28 255              jmp endSearch
219:                     
219: 56              skipTuple: nop
220: 41 1                push r1
222: 8 7 1           movmr tupleSearchIndex r1
225: 12 1 1          addir #1 r1
228: 7 1 7           movrm r1 tupleSearchIndex
231: 42 1            pop r1
233: 10 6 1              movar endTuples r1
236: 12 1 1              addir #1 r1
239: 10 0 2              movar startTuples r2
242: 17 2 1              subrr r2 r1
245: 24 5 1              divir #5 r1
248: 35 7 1              cmpmr tupleSearchIndex r1
251: 37 255              jmpz endSearch
253: 28 143              jmp searchTuples

Symbol Table:
state 118 
copyinitial 119 
runiteration 140 
skiptuple 219 
head 117 
tape 8 
tuplesearchindex 7 
starttuples 0 
endtuples 6 
initialstring 108 
searchtuples 143 
endsearch 255 
begin 137 
